

	𝓣 𝓘 𝓒 𝓣 𝓐 𝓒 𝓣 𝓞 𝓔

	  O\Main Menu/X

	> Single Player - 1
	> Multi Player  - 2
	> Exit          - 0

  > Choice 2
    1 2 3 
   ┏━┳━┳━┓
 1 ┃ ┃ ┃ ┃ 1
   ┣━╋━╋━┫
 2 ┃ ┃ ┃ ┃ 2
   ┣━╋━╋━┫
 3 ┃ ┃ ┃ ┃ 3
   ┗━┻━┻━┛
    1 2 3 

 X's move
    Row: 1
 Column: 1
    1 2 3 
   ┏━┳━┳━┓
 1 ┃X┃ ┃ ┃ 1
   ┣━╋━╋━┫
 2 ┃ ┃ ┃ ┃ 2
   ┣━╋━╋━┫
 3 ┃ ┃ ┃ ┃ 3
   ┗━┻━┻━┛
    1 2 3 

 O's move
    Row: 1
 Column: 2
    1 2 3 
   ┏━┳━┳━┓
 1 ┃X┃O┃ ┃ 1
   ┣━╋━╋━┫
 2 ┃ ┃ ┃ ┃ 2
   ┣━╋━╋━┫
 3 ┃ ┃ ┃ ┃ 3
   ┗━┻━┻━┛
    1 2 3 

 X's move
    Row: 3
 Column: 1
    1 2 3 
   ┏━┳━┳━┓
 1 ┃X┃O┃ ┃ 1
   ┣━╋━╋━┫
 2 ┃ ┃ ┃ ┃ 2
   ┣━╋━╋━┫
 3 ┃X┃ ┃ ┃ 3
   ┗━┻━┻━┛
    1 2 3 

 O's move
    Row: 2
 Column: 1
    1 2 3 
   ┏━┳━┳━┓
 1 ┃X┃O┃ ┃ 1
   ┣━╋━╋━┫
 2 ┃O┃ ┃ ┃ 2
   ┣━╋━╋━┫
 3 ┃X┃ ┃ ┃ 3
   ┗━┻━┻━┛
    1 2 3 

 X's move
    Row: 2
 Column: 2
    1 2 3 
   ┏━┳━┳━┓
 1 ┃X┃O┃ ┃ 1
   ┣━╋━╋━┫
 2 ┃O┃X┃ ┃ 2
   ┣━╋━╋━┫
 3 ┃X┃ ┃ ┃ 3
   ┗━┻━┻━┛
    1 2 3 

 O's move
    Row: 3
 Column: 3
    1 2 3 
   ┏━┳━┳━┓
 1 ┃X┃O┃ ┃ 1
   ┣━╋━╋━┫
 2 ┃O┃X┃ ┃ 2
   ┣━╋━╋━┫
 3 ┃X┃ ┃O┃ 3
   ┗━┻━┻━┛
    1 2 3 

 X's move
    Row: 1
 Column: 3
    1 2 3 
   ┏━┳━┳━┓
 1 ┃X┃O┃X┃ 1
   ┣━╋━╋━┫
 2 ┃O┃X┃ ┃ 2
   ┣━╋━╋━┫
 3 ┃X┃ ┃O┃ 3
   ┗━┻━┻━┛
    1 2 3 
Congratulations X has won the game.



	𝓣 𝓘 𝓒 𝓣 𝓐 𝓒 𝓣 𝓞 𝓔

	  O\Main Menu/X

	> Single Player - 1
	> Multi Player  - 2
	> Exit          - 0

  > Choice 0
