
Length is 4.24264
Width is 2.82843
Perimeter is 14.1421
Area is 12
Is square? false

Length is 4.24264
Width is 2.82843
Perimeter is 14.1421
Area is 12
Is square? false

Length is 2.82843
Width is 2.82843
Perimeter is 11.3137
Area is 8
Is square? true

Length is 20
Width is 20
Perimeter is 80
Area is 400
Is square? true


┏━━━━━━━━━━━━━━━━━━━━━━━━━━━━━━━━━━━━━━━━━━━━━━━━━━━━┓
┃                                                    ┃
┃                                                    ┃
┃                                                    ┃
┃                                                    ┃
┃                                                    ┃
┃                                                    ┃
┃                                                    ┃
┃                                                    ┃
┃                                                    ┃
┃                                                    ┃
┃                                                    ┃
┃                   *                                ┃
┃                 *   *                              ┃
┃               *       *                            ┃
┃             *       *                              ┃
┃               *   *                                ┃
┃                 *                                  ┃
┃                                                    ┃
┃                                                    ┃
┃                                                    ┃
┃                                                    ┃
┃                                                    ┃
┃                                                    ┃
┃                                                    ┃
┃                                                    ┃
┃                                                    ┃
┗━━━━━━━━━━━━━━━━━━━━━━━━━━━━━━━━━━━━━━━━━━━━━━━━━━━━┛
┏━━━━━━━━━━━━━━━━━━━━━━━━━━━━━━━━━━━━━━━━━━━━━━━━━━━━┓
┃                                                    ┃
┃                                                    ┃
┃                                                    ┃
┃                                                    ┃
┃                                                    ┃
┃                                                    ┃
┃                                                    ┃
┃                                                    ┃
┃                                                    ┃
┃                                                    ┃
┃                                                    ┃
┃                                                    ┃
┃                                                    ┃
┃                                                    ┃
┃                                                    ┃
┃                                                    ┃
┃                                                    ┃
┃                                                    ┃
┃             *                                      ┃
┃           *   *                                    ┃
┃         *       *                                  ┃
┃       *       *                                    ┃
┃         *   *                                      ┃
┃           *                                        ┃
┃                                                    ┃
┃                                                    ┃
┗━━━━━━━━━━━━━━━━━━━━━━━━━━━━━━━━━━━━━━━━━━━━━━━━━━━━┛
┏━━━━━━━━━━━━━━━━━━━━━━━━━━━━━━━━━━━━━━━━━━━━━━━━━━━━┓
┃                                                    ┃
┃                                                    ┃
┃                                                    ┃
┃                                                    ┃
┃                                                    ┃
┃                                                    ┃
┃                                                    ┃
┃                                                    ┃
┃                                                    ┃
┃                                                    ┃
┃                                                    ┃
┃                                                    ┃
┃                                                    ┃
┃                                                    ┃
┃                                                    ┃
┃                                                    ┃
┃                                                    ┃
┃                                                    ┃
┃                                                    ┃
┃           *                                        ┃
┃         *   *                                      ┃
┃       *       *                                    ┃
┃         *   *                                      ┃
┃           *                                        ┃
┃                                                    ┃
┃                                                    ┃
┗━━━━━━━━━━━━━━━━━━━━━━━━━━━━━━━━━━━━━━━━━━━━━━━━━━━━┛
┏━━━━━━━━━━━━━━━━━━━━━━━━━━━━━━━━━━━━━━━━━━━━━━━━━━━━┓
┃                                                    ┃
┃                                                    ┃
┃                                                    ┃
┃                                                    ┃
┃                                                    ┃
┃ * * * * * * * * * * * * * * * * * * * * *          ┃
┃ *                                       *          ┃
┃ *                                       *          ┃
┃ *                                       *          ┃
┃ *                                       *          ┃
┃ *                                       *          ┃
┃ *                                       *          ┃
┃ *                                       *          ┃
┃ *                                       *          ┃
┃ *                                       *          ┃
┃ *                                       *          ┃
┃ *                                       *          ┃
┃ *                                       *          ┃
┃ *                                       *          ┃
┃ *                                       *          ┃
┃ *                                       *          ┃
┃ *                                       *          ┃
┃ *                                       *          ┃
┃ *                                       *          ┃
┃ *                                       *          ┃
┃ * * * * * * * * * * * * * * * * * * * * *          ┃
┗━━━━━━━━━━━━━━━━━━━━━━━━━━━━━━━━━━━━━━━━━━━━━━━━━━━━┛
